Node : T, Left child :    9, Right child :    g.
Node : 9, Left child :    8, Right child :    D.
Node : 8, Left child :    0, Right child : NULL.
Node : 0, Left child : NULL, Right child :    2.
Node : 2, Left child : NULL, Right child : NULL.
Node : D, Left child :    B, Right child :    K.
Node : B, Left child : NULL, Right child : NULL.
Node : K, Left child :    F, Right child :    Q.
Node : F, Left child : NULL, Right child :    I.
Node : I, Left child : NULL, Right child : NULL.
Node : Q, Left child :    L, Right child :    R.
Node : L, Left child : NULL, Right child : NULL.
Node : R, Left child : NULL, Right child : NULL.
Node : g, Left child :    c, Right child :    j.
Node : c, Left child :    V, Right child :    e.
Node : V, Left child : NULL, Right child :    Z.
Node : Z, Left child :    X, Right child : NULL.
Node : X, Left child : NULL, Right child : NULL.
Node : e, Left child :    d, Right child : NULL.
Node : d, Left child : NULL, Right child : NULL.
Node : j, Left child :    i, Right child :    m.
Node : i, Left child :    h, Right child : NULL.
Node : h, Left child : NULL, Right child : NULL.
Node : m, Left child :    l, Right child :    n.
Node : l, Left child : NULL, Right child : NULL.
Node : n, Left child : NULL, Right child :    s.
Node : s, Left child : NULL, Right child : NULL.
