Node : 5, Left child :    2, Right child :    Y.
Node : 2, Left child : NULL, Right child :    4.
Node : 4, Left child :    3, Right child : NULL.
Node : 3, Left child : NULL, Right child : NULL.
Node : Y, Left child :    S, Right child :    w.
Node : S, Left child :    F, Right child :    X.
Node : F, Left child :    D, Right child :    R.
Node : D, Left child :    C, Right child :    E.
Node : C, Left child :    A, Right child : NULL.
Node : A, Left child :    6, Right child : NULL.
Node : 6, Left child : NULL, Right child : NULL.
Node : E, Left child : NULL, Right child : NULL.
Node : R, Left child :    I, Right child : NULL.
Node : I, Left child : NULL, Right child :    L.
Node : L, Left child : NULL, Right child :    N.
Node : N, Left child : NULL, Right child : NULL.
Node : X, Left child :    U, Right child : NULL.
Node : U, Left child : NULL, Right child : NULL.
Node : w, Left child :    m, Right child :    x.
Node : m, Left child :    k, Right child :    o.
Node : k, Left child :    b, Right child : NULL.
Node : b, Left child : NULL, Right child :    c.
Node : c, Left child : NULL, Right child :    j.
Node : j, Left child : NULL, Right child : NULL.
Node : o, Left child : NULL, Right child :    p.
Node : p, Left child : NULL, Right child :    r.
Node : r, Left child : NULL, Right child :    s.
Node : s, Left child : NULL, Right child : NULL.
Node : x, Left child : NULL, Right child :    y.
Node : y, Left child : NULL, Right child : NULL.
