Node : B, Left child :    1, Right child :    q.
Node : 1, Left child :    0, Right child :    6.
Node : 0, Left child : NULL, Right child : NULL.
Node : 6, Left child :    2, Right child :    8.
Node : 2, Left child : NULL, Right child :    5.
Node : 5, Left child :    4, Right child : NULL.
Node : 4, Left child : NULL, Right child : NULL.
Node : 8, Left child : NULL, Right child :    9.
Node : 9, Left child : NULL, Right child : NULL.
Node : q, Left child :    H, Right child :    w.
Node : H, Left child :    E, Right child :    L.
Node : E, Left child : NULL, Right child :    G.
Node : G, Left child : NULL, Right child : NULL.
Node : L, Left child :    J, Right child :    V.
Node : J, Left child :    I, Right child :    K.
Node : I, Left child : NULL, Right child : NULL.
Node : K, Left child : NULL, Right child : NULL.
Node : V, Left child :    O, Right child :    p.
Node : O, Left child :    N, Right child : NULL.
Node : N, Left child : NULL, Right child : NULL.
Node : p, Left child :    Y, Right child : NULL.
Node : Y, Left child :    X, Right child :    n.
Node : X, Left child : NULL, Right child : NULL.
Node : n, Left child :    Z, Right child : NULL.
Node : Z, Left child : NULL, Right child :    m.
Node : m, Left child :    h, Right child : NULL.
Node : h, Left child :    g, Right child : NULL.
Node : g, Left child : NULL, Right child : NULL.
Node : w, Left child :    s, Right child :    y.
Node : s, Left child : NULL, Right child : NULL.
Node : y, Left child : NULL, Right child : NULL.
