Node : 3, Left child :    2, Right child :    f.
Node : 2, Left child :    1, Right child : NULL.
Node : 1, Left child : NULL, Right child : NULL.
Node : f, Left child :    9, Right child :    z.
Node : 9, Left child :    4, Right child :    B.
Node : 4, Left child : NULL, Right child :    8.
Node : 8, Left child :    7, Right child : NULL.
Node : 7, Left child :    5, Right child : NULL.
Node : 5, Left child : NULL, Right child :    6.
Node : 6, Left child : NULL, Right child : NULL.
Node : B, Left child :    A, Right child :    e.
Node : A, Left child : NULL, Right child : NULL.
Node : e, Left child :    X, Right child : NULL.
Node : X, Left child :    W, Right child :    b.
Node : W, Left child :    F, Right child : NULL.
Node : F, Left child :    D, Right child :    J.
Node : D, Left child :    C, Right child : NULL.
Node : C, Left child : NULL, Right child : NULL.
Node : J, Left child :    H, Right child :    V.
Node : H, Left child : NULL, Right child : NULL.
Node : V, Left child :    R, Right child : NULL.
Node : R, Left child :    Q, Right child :    U.
Node : Q, Left child :    O, Right child : NULL.
Node : O, Left child :    L, Right child :    P.
Node : L, Left child : NULL, Right child :    M.
Node : M, Left child : NULL, Right child :    N.
Node : N, Left child : NULL, Right child : NULL.
Node : P, Left child : NULL, Right child : NULL.
Node : U, Left child : NULL, Right child : NULL.
Node : b, Left child :    Y, Right child :    d.
Node : Y, Left child : NULL, Right child :    Z.
Node : Z, Left child : NULL, Right child : NULL.
Node : d, Left child : NULL, Right child : NULL.
Node : z, Left child :    y, Right child : NULL.
Node : y, Left child :    x, Right child : NULL.
Node : x, Left child :    w, Right child : NULL.
Node : w, Left child :    t, Right child : NULL.
Node : t, Left child :    i, Right child :    v.
Node : i, Left child :    g, Right child :    m.
Node : g, Left child : NULL, Right child :    h.
Node : h, Left child : NULL, Right child : NULL.
Node : m, Left child :    k, Right child :    r.
Node : k, Left child : NULL, Right child : NULL.
Node : r, Left child :    n, Right child : NULL.
Node : n, Left child : NULL, Right child :    q.
Node : q, Left child :    o, Right child : NULL.
Node : o, Left child : NULL, Right child : NULL.
Node : v, Left child : NULL, Right child : NULL.
