
+++ MedHeap initialized

+++ Going to insert elements one by one in MedHeap
    Insert(9484) done. Current median = 9484.
    Insert(3485) done. Current median = 3485.
    Insert(5991) done. Current median = 5991.
    Insert(3427) done. Current median = 3485.
    Insert(7480) done. Current median = 5991.
    Insert( 713) done. Current median = 3485.
    Insert(4951) done. Current median = 4951.
    Insert(6321) done. Current median = 4951.
    Insert(3821) done. Current median = 4951.
    Insert(8200) done. Current median = 4951.
    Insert(3825) done. Current median = 4951.
    Insert(7966) done. Current median = 4951.
    Insert(6087) done. Current median = 5991.
    Insert(9261) done. Current median = 5991.
    Insert(5208) done. Current median = 5991.
    Insert(7013) done. Current median = 5991.
    Insert(3358) done. Current median = 5991.
    Insert(1559) done. Current median = 5208.
    Insert( 956) done. Current median = 5208.
    Insert(2502) done. Current median = 4951.
    Insert(3068) done. Current median = 4951.
    Insert(9622) done. Current median = 4951.
    Insert(7848) done. Current median = 5208.
    Insert(2352) done. Current median = 4951.
    Insert(4511) done. Current median = 4951.
    Insert(8375) done. Current median = 4951.
    Insert(2698) done. Current median = 4951.
    Insert(3432) done. Current median = 4511.
    Insert(6427) done. Current median = 4951.
    Insert( 508) done. Current median = 4511.
    Insert(8334) done. Current median = 4951.
    Insert(5290) done. Current median = 4951.
    Insert( 589) done. Current median = 4951.
    Insert( 241) done. Current median = 4511.
    Insert(8383) done. Current median = 4951.
    Insert(7609) done. Current median = 4951.
    Insert(1714) done. Current median = 4951.
    Insert(6054) done. Current median = 4951.
    Insert(6370) done. Current median = 5208.
    Insert(7295) done. Current median = 5208.
    Insert(2253) done. Current median = 5208.
    Insert(6567) done. Current median = 5208.
    Insert(9346) done. Current median = 5290.
    Insert(8561) done. Current median = 5290.
    Insert(3560) done. Current median = 5290.
    Insert(8084) done. Current median = 5290.
    Insert(1052) done. Current median = 5290.
    Insert(5193) done. Current median = 5208.
    Insert(7234) done. Current median = 5290.
    Insert(1280) done. Current median = 5208.
    Insert(2321) done. Current median = 5208.
    Insert(6839) done. Current median = 5208.
    Insert(9404) done. Current median = 5290.
    Insert(1255) done. Current median = 5208.
    Insert(4521) done. Current median = 5208.
    Insert(7586) done. Current median = 5208.
    Insert(3845) done. Current median = 5208.
    Insert(1912) done. Current median = 5193.
    Insert(2693) done. Current median = 5193.
    Insert(8076) done. Current median = 5193.
    Insert(1270) done. Current median = 5193.
    Insert(7562) done. Current median = 5193.
    Insert(2856) done. Current median = 5193.
    Insert(3176) done. Current median = 4951.
    Insert(5265) done. Current median = 5193.
    Insert( 650) done. Current median = 4951.
    Insert(2506) done. Current median = 4951.
    Insert( 469) done. Current median = 4521.
    Insert(3539) done. Current median = 4521.
    Insert(5824) done. Current median = 4521.
    Insert(  59) done. Current median = 4521.
    Insert(6000) done. Current median = 4521.
    Insert(4112) done. Current median = 4521.
    Insert(4973) done. Current median = 4521.
    Insert(6456) done. Current median = 4951.
    Insert(2487) done. Current median = 4521.
    Insert(8453) done. Current median = 4951.
    Insert(9408) done. Current median = 4951.
    Insert(8149) done. Current median = 4973.
    Insert(5053) done. Current median = 4973.
    Insert(6640) done. Current median = 5053.
    Insert(4757) done. Current median = 4973.
    Insert(5308) done. Current median = 5053.
    Insert(8401) done. Current median = 5053.
    Insert(2378) done. Current median = 5053.
    Insert(3012) done. Current median = 4973.
    Insert(7060) done. Current median = 5053.
    Insert(3249) done. Current median = 4973.
    Insert(2093) done. Current median = 4973.
    Insert(9447) done. Current median = 4973.
    Insert(1195) done. Current median = 4973.
    Insert(3931) done. Current median = 4951.
    Insert(8413) done. Current median = 4973.
    Insert(1677) done. Current median = 4951.
    Insert( 532) done. Current median = 4951.
    Insert(2807) done. Current median = 4757.
    Insert(9884) done. Current median = 4951.
    Insert(7619) done. Current median = 4951.
    Insert(8577) done. Current median = 4973.
    Insert(5594) done. Current median = 4973.
    Insert(3552) done. Current median = 4973.
    Insert(8226) done. Current median = 4973.
    Insert( 170) done. Current median = 4973.
    Insert(1777) done. Current median = 4951.
    Insert(1070) done. Current median = 4951.
    Insert(4290) done. Current median = 4757.
    Insert(5486) done. Current median = 4951.
    Insert(6573) done. Current median = 4951.
    Insert(2391) done. Current median = 4951.
    Insert(3891) done. Current median = 4757.
    Insert(8073) done. Current median = 4951.
    Insert(7329) done. Current median = 4951.
    Insert(2464) done. Current median = 4951.
    Insert(7824) done. Current median = 4951.
    Insert(7448) done. Current median = 4973.
    Insert(5142) done. Current median = 4973.
    Insert(9587) done. Current median = 5053.
    Insert(8212) done. Current median = 5053.
    Insert(3343) done. Current median = 5053.
    Insert(5580) done. Current median = 5053.
    Insert(1405) done. Current median = 5053.
    Insert(1676) done. Current median = 4973.
    Insert(5742) done. Current median = 5053.
    Insert(5426) done. Current median = 5053.
    Insert(9801) done. Current median = 5142.
    Insert(7079) done. Current median = 5142.
    Insert(7429) done. Current median = 5193.
    Insert(4376) done. Current median = 5142.
    Insert(4068) done. Current median = 5142.
    Insert(1923) done. Current median = 5053.
    Insert(8419) done. Current median = 5142.
    Insert(5620) done. Current median = 5142.
    Insert(9241) done. Current median = 5193.
    Insert(1464) done. Current median = 5142.
    Insert( 939) done. Current median = 5142.
    Insert(8534) done. Current median = 5142.
    Insert(5512) done. Current median = 5193.
    Insert(2035) done. Current median = 5142.
    Insert(3299) done. Current median = 5142.
    Insert(3305) done. Current median = 5053.
    Insert(8281) done. Current median = 5142.
    Insert(5523) done. Current median = 5142.
    Insert(6461) done. Current median = 5193.
    Insert(9331) done. Current median = 5193.
    Insert(9505) done. Current median = 5208.
    Insert(4737) done. Current median = 5193.
    Insert(3235) done. Current median = 5193.
    Insert(5073) done. Current median = 5142.
    Insert( 574) done. Current median = 5142.
    Insert(4819) done. Current median = 5073.
    Insert(4491) done. Current median = 5073.
    Insert(3802) done. Current median = 5053.
    Insert(8356) done. Current median = 5073.
    Insert(  18) done. Current median = 5053.
    Insert(6630) done. Current median = 5073.
    Insert(4449) done. Current median = 5053.
    Insert(1266) done. Current median = 5053.
    Insert(2371) done. Current median = 4973.
    Insert(5541) done. Current median = 5053.
    Insert(1964) done. Current median = 4973.
    Insert(4098) done. Current median = 4973.
    Insert(  24) done. Current median = 4951.
    Insert(4879) done. Current median = 4951.
    Insert(4684) done. Current median = 4879.
    Insert(6823) done. Current median = 4951.
    Insert(7453) done. Current median = 4951.
    Insert(8957) done. Current median = 4973.
    Insert(3648) done. Current median = 4951.
    Insert( 270) done. Current median = 4951.
    Insert( 751) done. Current median = 4879.
    Insert(5781) done. Current median = 4951.
    Insert(5348) done. Current median = 4951.
    Insert(1952) done. Current median = 4951.
    Insert(  96) done. Current median = 4879.
    Insert(9575) done. Current median = 4951.
    Insert(3710) done. Current median = 4879.
    Insert( 505) done. Current median = 4879.
    Insert(3465) done. Current median = 4819.
    Insert(5814) done. Current median = 4879.
    Insert(4011) done. Current median = 4819.
    Insert(2457) done. Current median = 4819.
    Insert(2649) done. Current median = 4757.
    Insert(5713) done. Current median = 4819.
    Insert(6366) done. Current median = 4819.
    Insert(6820) done. Current median = 4879.
    Insert(9380) done. Current median = 4879.
    Insert(8823) done. Current median = 4951.
    Insert(2281) done. Current median = 4879.
    Insert(7151) done. Current median = 4951.
    Insert(1225) done. Current median = 4879.
    Insert(7095) done. Current median = 4951.
    Insert(3193) done. Current median = 4879.
    Insert(7521) done. Current median = 4951.
    Insert(4968) done. Current median = 4951.
    Insert( 902) done. Current median = 4951.
    Insert(3850) done. Current median = 4879.
    Insert(3099) done. Current median = 4879.
    Insert(9338) done. Current median = 4879.
    Insert(5014) done. Current median = 4951.
    Insert(5286) done. Current median = 4951.
    Insert(9960) done. Current median = 4968.
    Insert(8291) done. Current median = 4968.
    Insert(9084) done. Current median = 4973.
    Insert(8323) done. Current median = 4973.
    Insert(1719) done. Current median = 4973.
    Insert(1338) done. Current median = 4968.
    Insert(3037) done. Current median = 4968.
    Insert(6543) done. Current median = 4968.
    Insert(4957) done. Current median = 4968.
    Insert(4077) done. Current median = 4957.
    Insert(8897) done. Current median = 4968.
    Insert(4286) done. Current median = 4957.
    Insert( 598) done. Current median = 4957.
    Insert(1921) done. Current median = 4951.
    Insert(1743) done. Current median = 4951.
    Insert(5340) done. Current median = 4951.
    Insert(9177) done. Current median = 4957.
    Insert( 286) done. Current median = 4951.
    Insert(1836) done. Current median = 4951.
    Insert(3443) done. Current median = 4879.
    Insert(5099) done. Current median = 4951.
    Insert(5307) done. Current median = 4951.
    Insert(8739) done. Current median = 4957.
    Insert(4580) done. Current median = 4951.
    Insert( 795) done. Current median = 4951.
    Insert(1768) done. Current median = 4879.
    Insert(9412) done. Current median = 4951.
    Insert(3434) done. Current median = 4879.
    Insert(8470) done. Current median = 4951.
    Insert(4357) done. Current median = 4879.
    Insert(3893) done. Current median = 4879.
    Insert(3135) done. Current median = 4819.
    Insert(1392) done. Current median = 4819.
    Insert(7228) done. Current median = 4819.
    Insert(6511) done. Current median = 4879.
    Insert(3579) done. Current median = 4819.
    Insert(4636) done. Current median = 4819.
    Insert(5209) done. Current median = 4819.
    Insert(3971) done. Current median = 4819.
    Insert(7650) done. Current median = 4819.
    Insert(6687) done. Current median = 4879.
    Insert(8856) done. Current median = 4879.
    Insert( 435) done. Current median = 4879.
    Insert(9961) done. Current median = 4879.
    Insert(3247) done. Current median = 4879.
    Insert(2595) done. Current median = 4819.
    Insert(2376) done. Current median = 4819.
    Insert( 747) done. Current median = 4757.
    Insert(5079) done. Current median = 4819.
    Insert(2716) done. Current median = 4757.
    Insert(4093) done. Current median = 4757.
    Insert(9381) done. Current median = 4757.
    Insert(6303) done. Current median = 4819.
    Insert(9495) done. Current median = 4819.
    Insert(4479) done. Current median = 4819.
    Insert(1738) done. Current median = 4757.
    Insert(5949) done. Current median = 4819.
    Insert(6932) done. Current median = 4819.
    Insert(6874) done. Current median = 4879.
    Insert(6832) done. Current median = 4879.
    Insert(9007) done. Current median = 4951.
    Insert(2745) done. Current median = 4879.
    Insert(3864) done. Current median = 4879.
    Insert(2243) done. Current median = 4819.
    Insert(5325) done. Current median = 4879.
    Insert(4382) done. Current median = 4819.
    Insert(7895) done. Current median = 4879.
    Insert(3241) done. Current median = 4819.
    Insert(9974) done. Current median = 4879.
    Insert(3374) done. Current median = 4819.
    Insert(4260) done. Current median = 4819.
    Insert(9415) done. Current median = 4819.
    Insert(1291) done. Current median = 4819.
    Insert(9072) done. Current median = 4819.
    Insert(4088) done. Current median = 4819.
    Insert(5821) done. Current median = 4819.
    Insert(6165) done. Current median = 4879.
    Insert(8684) done. Current median = 4879.
    Insert(4165) done. Current median = 4879.
    Insert(1586) done. Current median = 4819.
    Insert(2474) done. Current median = 4819.
    Insert(2337) done. Current median = 4757.
    Insert(7713) done. Current median = 4819.
    Insert(8601) done. Current median = 4819.
    Insert(3925) done. Current median = 4819.
    Insert(7745) done. Current median = 4819.
    Insert(4432) done. Current median = 4819.
    Insert(7627) done. Current median = 4819.
    Insert(2370) done. Current median = 4819.
    Insert(5317) done. Current median = 4819.
    Insert(7640) done. Current median = 4879.
    Insert(7459) done. Current median = 4879.
    Insert(5722) done. Current median = 4951.
    Insert(1845) done. Current median = 4879.
    Insert(3645) done. Current median = 4879.
    Insert( 214) done. Current median = 4819.
    Insert(2023) done. Current median = 4819.
    Insert(8746) done. Current median = 4819.
    Insert(9036) done. Current median = 4879.
    Insert(9014) done. Current median = 4879.
    Insert(5557) done. Current median = 4951.
    Insert(1017) done. Current median = 4879.
    Insert(6422) done. Current median = 4951.
    Insert(7879) done. Current median = 4951.
    Insert(6368) done. Current median = 4957.
    Insert(9782) done. Current median = 4957.
    Insert(1582) done. Current median = 4957.
    Insert(4562) done. Current median = 4951.
    Insert(7383) done. Current median = 4957.
    Insert(8114) done. Current median = 4957.
    Insert(2544) done. Current median = 4957.
    Insert(6994) done. Current median = 4957.
    Insert(9215) done. Current median = 4968.
    Insert(9225) done. Current median = 4968.
    Insert( 758) done. Current median = 4968.
    Insert(1424) done. Current median = 4957.
    Insert(7401) done. Current median = 4968.
    Insert(1136) done. Current median = 4957.
    Insert(4513) done. Current median = 4957.
    Insert( 316) done. Current median = 4951.
    Insert(6601) done. Current median = 4957.
    Insert(3945) done. Current median = 4951.
    Insert(3412) done. Current median = 4951.
    Insert( 770) done. Current median = 4879.
    Insert(7008) done. Current median = 4951.
    Insert(3046) done. Current median = 4879.
    Insert(8297) done. Current median = 4951.
    Insert(8892) done. Current median = 4951.
    Insert(6520) done. Current median = 4957.
    Insert( 583) done. Current median = 4951.
    Insert(9029) done. Current median = 4957.
    Insert(8590) done. Current median = 4957.
    Insert(7626) done. Current median = 4968.
    Insert( 350) done. Current median = 4957.
    Insert(6307) done. Current median = 4968.
    Insert(3588) done. Current median = 4957.
    Insert(8204) done. Current median = 4968.
    Insert(6428) done. Current median = 4968.
    Insert(4127) done. Current median = 4968.
    Insert(8341) done. Current median = 4968.
    Insert(5978) done. Current median = 4973.
    Insert(3786) done. Current median = 4968.
    Insert(7662) done. Current median = 4973.
    Insert(6566) done. Current median = 4973.
    Insert( 155) done. Current median = 4973.
    Insert(8158) done. Current median = 4973.
    Insert(2016) done. Current median = 4973.
    Insert(4890) done. Current median = 4968.
    Insert(2592) done. Current median = 4968.
    Insert(3269) done. Current median = 4957.
    Insert(3366) done. Current median = 4957.
    Insert(2657) done. Current median = 4951.
    Insert( 277) done. Current median = 4951.
    Insert(5830) done. Current median = 4951.
    Insert(7870) done. Current median = 4957.
    Insert(5363) done. Current median = 4957.
    Insert(7466) done. Current median = 4968.
    Insert(1895) done. Current median = 4957.
    Insert(1301) done. Current median = 4957.
    Insert(1810) done. Current median = 4951.
    Insert(8504) done. Current median = 4957.
    Insert(7621) done. Current median = 4957.
    Insert(6572) done. Current median = 4968.
    Insert(4267) done. Current median = 4957.
    Insert(7781) done. Current median = 4968.
    Insert( 210) done. Current median = 4957.
    Insert(2054) done. Current median = 4957.
    Insert(2996) done. Current median = 4951.
    Insert(8894) done. Current median = 4957.
    Insert( 659) done. Current median = 4951.
    Insert(3675) done. Current median = 4951.
    Insert(7734) done. Current median = 4951.
    Insert(3423) done. Current median = 4951.
    Insert(5746) done. Current median = 4951.
    Insert(1639) done. Current median = 4951.
    Insert(1578) done. Current median = 4890.
    Insert(5573) done. Current median = 4951.
    Insert(6102) done. Current median = 4951.
    Insert(5425) done. Current median = 4957.
    Insert(3245) done. Current median = 4951.
    Insert(7359) done. Current median = 4957.
    Insert(9981) done. Current median = 4957.
    Insert(6551) done. Current median = 4968.
    Insert(7222) done. Current median = 4968.
    Insert(6765) done. Current median = 4973.
    Insert(2382) done. Current median = 4968.
    Insert(2753) done. Current median = 4968.
    Insert(3478) done. Current median = 4957.
    Insert( 915) done. Current median = 4957.
    Insert(8501) done. Current median = 4957.
    Insert(4678) done. Current median = 4957.
    Insert(7227) done. Current median = 4957.
    Insert(3073) done. Current median = 4957.
    Insert(6615) done. Current median = 4957.
    Insert(7923) done. Current median = 4968.
    Insert(4964) done. Current median = 4964.
    Insert(1567) done. Current median = 4964.
    Insert(6617) done. Current median = 4964.
    Insert(4531) done. Current median = 4964.
    Insert(8972) done. Current median = 4964.
    Insert(7867) done. Current median = 4968.
    Insert(4997) done. Current median = 4968.
    Insert(3868) done. Current median = 4968.
    Insert(2147) done. Current median = 4964.
    Insert( 794) done. Current median = 4964.
    Insert(7185) done. Current median = 4964.
    Insert(3080) done. Current median = 4964.
    Insert(4680) done. Current median = 4957.
    Insert(8134) done. Current median = 4964.
    Insert(7210) done. Current median = 4964.
    Insert(4525) done. Current median = 4964.
    Insert( 935) done. Current median = 4957.
    Insert(3714) done. Current median = 4957.
    Insert(2229) done. Current median = 4951.
    Insert(8321) done. Current median = 4957.
    Insert(1991) done. Current median = 4951.
    Insert(5358) done. Current median = 4957.
    Insert(9952) done. Current median = 4957.
    Insert(9912) done. Current median = 4964.
    Insert(3766) done. Current median = 4957.
    Insert(3727) done. Current median = 4957.
    Insert(  67) done. Current median = 4951.
    Insert(  71) done. Current median = 4951.
    Insert(6351) done. Current median = 4951.
    Insert(9947) done. Current median = 4957.
    Insert(  98) done. Current median = 4951.
    Insert(9853) done. Current median = 4957.
    Insert(2442) done. Current median = 4951.
    Insert(7479) done. Current median = 4957.
    Insert( 925) done. Current median = 4951.
    Insert(9100) done. Current median = 4957.
    Insert(2124) done. Current median = 4951.
    Insert(4660) done. Current median = 4951.
    Insert(3752) done. Current median = 4890.
    Insert(9129) done. Current median = 4951.
    Insert(3606) done. Current median = 4890.
    Insert(1042) done. Current median = 4890.
    Insert(5212) done. Current median = 4890.
    Insert(3166) done. Current median = 4890.
    Insert(8724) done. Current median = 4890.
    Insert(6804) done. Current median = 4951.
    Insert(8135) done. Current median = 4951.
    Insert(3672) done. Current median = 4951.
    Insert(  41) done. Current median = 4890.
    Insert(6544) done. Current median = 4951.
    Insert(8930) done. Current median = 4951.
    Insert(7309) done. Current median = 4957.
    Insert(8690) done. Current median = 4957.
    Insert(8949) done. Current median = 4964.
    Insert(7528) done. Current median = 4964.
    Insert(7931) done. Current median = 4968.
    Insert(5115) done. Current median = 4968.
    Insert(2986) done. Current median = 4968.
    Insert(9172) done. Current median = 4968.
    Insert(8665) done. Current median = 4973.
    Insert(7446) done. Current median = 4973.
    Insert(3677) done. Current median = 4973.
    Insert(4377) done. Current median = 4968.
    Insert(2778) done. Current median = 4968.
    Insert(7847) done. Current median = 4968.
    Insert(6023) done. Current median = 4973.
    Insert(4317) done. Current median = 4968.
    Insert(8795) done. Current median = 4973.
    Insert(3849) done. Current median = 4968.
    Insert(6191) done. Current median = 4973.
    Insert(7749) done. Current median = 4973.
    Insert(7406) done. Current median = 4997.
    Insert( 317) done. Current median = 4973.
    Insert(1890) done. Current median = 4973.
    Insert(1459) done. Current median = 4968.
    Insert(9257) done. Current median = 4973.
    Insert(7316) done. Current median = 4973.
    Insert(3622) done. Current median = 4973.
    Insert(1120) done. Current median = 4968.
    Insert(7092) done. Current median = 4973.
    Insert(6676) done. Current median = 4973.
    Insert(2316) done. Current median = 4973.
    Insert(6952) done. Current median = 4973.
    Insert(2013) done. Current median = 4973.
    Insert(3155) done. Current median = 4968.
    Insert(8130) done. Current median = 4973.
    Insert(6015) done. Current median = 4973.
    Insert( 561) done. Current median = 4973.
    Insert(3354) done. Current median = 4968.
    Insert(6801) done. Current median = 4973.
    Insert(4836) done. Current median = 4968.
    Insert(1872) done. Current median = 4968.
    Insert(7288) done. Current median = 4968.
    Insert( 215) done. Current median = 4968.
    Insert(1094) done. Current median = 4964.
    Insert( 744) done. Current median = 4964.
    Insert(2576) done. Current median = 4957.
    Insert(7108) done. Current median = 4964.
    Insert(7099) done. Current median = 4964.
    Insert(2796) done. Current median = 4964.
    Insert(9295) done. Current median = 4964.
    Insert(6663) done. Current median = 4968.
    Insert(2428) done. Current median = 4964.
    Insert( 837) done. Current median = 4964.
    Insert(2672) done. Current median = 4957.
    Insert(3156) done. Current median = 4957.
    Insert(3259) done. Current median = 4951.
    Insert(9388) done. Current median = 4957.
    Insert(9847) done. Current median = 4957.
    Insert(7513) done. Current median = 4964.
    Insert(8381) done. Current median = 4964.
    Insert(3355) done. Current median = 4964.
    Insert(4568) done. Current median = 4957.
    Insert(1849) done. Current median = 4957.
    Insert(9002) done. Current median = 4957.
    Insert(9082) done. Current median = 4964.
    Insert(1708) done. Current median = 4957.
    Insert(8543) done. Current median = 4964.
    Insert(7659) done. Current median = 4964.
    Insert(2703) done. Current median = 4964.
    Insert(9513) done. Current median = 4964.
    Insert( 345) done. Current median = 4964.
    Insert(5585) done. Current median = 4964.
    Insert(8004) done. Current median = 4968.
    Insert(6414) done. Current median = 4968.
    Insert(6998) done. Current median = 4973.
    Insert(8833) done. Current median = 4973.
    Insert(3978) done. Current median = 4973.
    Insert(4800) done. Current median = 4968.
    Insert(9655) done. Current median = 4973.
    Insert(4452) done. Current median = 4968.
    Insert(8394) done. Current median = 4973.
    Insert(4529) done. Current median = 4968.
    Insert(6890) done. Current median = 4973.
    Insert(4946) done. Current median = 4968.
    Insert(1863) done. Current median = 4968.
    Insert(8019) done. Current median = 4968.
    Insert(9092) done. Current median = 4973.
    Insert(8636) done. Current median = 4973.
    Insert(2107) done. Current median = 4973.
    Insert( 651) done. Current median = 4968.
    Insert(3770) done. Current median = 4968.
    Insert(6967) done. Current median = 4968.
    Insert(8968) done. Current median = 4973.
    Insert(2270) done. Current median = 4968.
    Insert(1510) done. Current median = 4968.
    Insert(1098) done. Current median = 4964.
    Insert(6508) done. Current median = 4968.
    Insert(8805) done. Current median = 4968.
    Insert(7483) done. Current median = 4973.
    Insert(8854) done. Current median = 4973.
    Insert(9423) done. Current median = 4997.
    Insert(9193) done. Current median = 4997.
    Insert(5605) done. Current median = 5014.
    Insert(4953) done. Current median = 4997.
    Insert(6647) done. Current median = 5014.
    Insert(9560) done. Current median = 5014.
    Insert( 326) done. Current median = 5014.
    Insert(3201) done. Current median = 4997.
    Insert(6659) done. Current median = 5014.
    Insert(6795) done. Current median = 5014.
    Insert(8039) done. Current median = 5053.
    Insert(1165) done. Current median = 5014.
    Insert(6317) done. Current median = 5053.
    Insert(9093) done. Current median = 5053.
    Insert(3499) done. Current median = 5053.
    Insert( 822) done. Current median = 5014.
    Insert(7042) done. Current median = 5053.
    Insert( 929) done. Current median = 5014.
    Insert(2190) done. Current median = 5014.
    Insert(1411) done. Current median = 4997.
    Insert(6911) done. Current median = 5014.
    Insert(8604) done. Current median = 5014.
    Insert(2061) done. Current median = 5014.
    Insert(8548) done. Current median = 5014.
    Insert(4072) done. Current median = 5014.
    Insert(5485) done. Current median = 5014.
    Insert(2340) done. Current median = 5014.
    Insert(7468) done. Current median = 5014.
    Insert( 854) done. Current median = 5014.
    Insert(8006) done. Current median = 5014.
    Insert(4688) done. Current median = 5014.
    Insert(9326) done. Current median = 5014.
    Insert(6486) done. Current median = 5053.
    Insert(4924) done. Current median = 5014.
    Insert(8771) done. Current median = 5053.
    Insert( 131) done. Current median = 5014.
    Insert(5088) done. Current median = 5053.
    Insert(3388) done. Current median = 5014.
    Insert( 507) done. Current median = 5014.
    Insert(7377) done. Current median = 5014.
    Insert(8451) done. Current median = 5053.
    Insert(3476) done. Current median = 5014.
    Insert(8196) done. Current median = 5053.
    Insert(6614) done. Current median = 5053.
    Insert(7833) done. Current median = 5073.
    Insert(9538) done. Current median = 5073.
    Insert(7994) done. Current median = 5079.
    Insert(5524) done. Current median = 5079.
    Insert(2100) done. Current median = 5079.
    Insert(1982) done. Current median = 5073.
    Insert(2883) done. Current median = 5073.
    Insert(6509) done. Current median = 5073.
    Insert(6244) done. Current median = 5079.
    Insert(9216) done. Current median = 5079.
    Insert(6516) done. Current median = 5088.
    Insert(4689) done. Current median = 5079.
    Insert(6660) done. Current median = 5088.
    Insert( 148) done. Current median = 5079.
    Insert( 933) done. Current median = 5079.
    Insert( 786) done. Current median = 5073.
    Insert(9442) done. Current median = 5079.
    Insert( 135) done. Current median = 5073.
    Insert(5000) done. Current median = 5073.
    Insert(1033) done. Current median = 5053.
    Insert(4524) done. Current median = 5053.
    Insert(1260) done. Current median = 5014.
    Insert(3382) done. Current median = 5014.
    Insert(5506) done. Current median = 5014.
    Insert(6720) done. Current median = 5053.
    Insert(6913) done. Current median = 5053.
    Insert(3861) done. Current median = 5053.
    Insert(9716) done. Current median = 5053.
    Insert(1486) done. Current median = 5053.
    Insert(1653) done. Current median = 5014.
    Insert(8115) done. Current median = 5053.
    Insert(7671) done. Current median = 5053.
    Insert(8749) done. Current median = 5073.
    Insert(9361) done. Current median = 5073.
    Insert(8040) done. Current median = 5079.
    Insert(1834) done. Current median = 5073.
    Insert(9414) done. Current median = 5079.
    Insert(1374) done. Current median = 5073.
    Insert( 626) done. Current median = 5073.
    Insert(3148) done. Current median = 5053.
    Insert(6760) done. Current median = 5073.
    Insert(8320) done. Current median = 5073.
    Insert( 678) done. Current median = 5073.
    Insert(6436) done. Current median = 5073.
    Insert(9993) done. Current median = 5079.
    Insert(5880) done. Current median = 5079.
    Insert(4854) done. Current median = 5079.
    Insert(4298) done. Current median = 5073.
    Insert(7317) done. Current median = 5079.
    Insert(3991) done. Current median = 5073.
    Insert(1324) done. Current median = 5073.
    Insert(2231) done. Current median = 5053.
    Insert(8578) done. Current median = 5073.
    Insert( 335) done. Current median = 5053.
    Insert(1449) done. Current median = 5053.
    Insert(7871) done. Current median = 5053.
    Insert(6812) done. Current median = 5073.
    Insert(4655) done. Current median = 5053.
    Insert(8188) done. Current median = 5073.
    Insert(5718) done. Current median = 5073.
    Insert(3923) done. Current median = 5073.
    Insert(8447) done. Current median = 5073.
    Insert(5493) done. Current median = 5079.
    Insert(1064) done. Current median = 5073.
    Insert(2241) done. Current median = 5073.
    Insert(4448) done. Current median = 5053.
    Insert(7171) done. Current median = 5073.
    Insert(3728) done. Current median = 5053.
    Insert(1692) done. Current median = 5053.
    Insert(4801) done. Current median = 5014.
    Insert(2305) done. Current median = 5014.
    Insert(6029) done. Current median = 5014.
    Insert(1327) done. Current median = 5014.
    Insert(8820) done. Current median = 5014.
    Insert( 880) done. Current median = 5014.
    Insert(6167) done. Current median = 5014.
    Insert( 173) done. Current median = 5014.
    Insert( 945) done. Current median = 5000.
    Insert(6426) done. Current median = 5014.
    Insert(8909) done. Current median = 5014.
    Insert(7908) done. Current median = 5053.
    Insert(1007) done. Current median = 5014.
    Insert(6787) done. Current median = 5053.
    Insert(3678) done. Current median = 5014.
    Insert(9796) done. Current median = 5053.
    Insert(6367) done. Current median = 5053.
    Insert(1717) done. Current median = 5053.
    Insert(2131) done. Current median = 5014.
    Insert(2821) done. Current median = 5014.
    Insert(5478) done. Current median = 5014.
    Insert(4926) done. Current median = 5014.
    Insert(4004) done. Current median = 5000.
    Insert(9584) done. Current median = 5014.
    Insert(8638) done. Current median = 5014.
    Insert( 475) done. Current median = 5014.
    Insert(6483) done. Current median = 5014.
    Insert(9840) done. Current median = 5053.
    Insert(4148) done. Current median = 5014.
    Insert(7805) done. Current median = 5053.
    Insert(5231) done. Current median = 5053.
    Insert(6213) done. Current median = 5073.
    Insert( 425) done. Current median = 5053.
    Insert(1248) done. Current median = 5053.
    Insert(4914) done. Current median = 5014.
    Insert(9060) done. Current median = 5053.
    Insert(9530) done. Current median = 5053.
    Insert(5981) done. Current median = 5073.
    Insert(3912) done. Current median = 5053.
    Insert(5283) done. Current median = 5073.
    Insert(7764) done. Current median = 5073.
    Insert(8266) done. Current median = 5079.
    Insert( 581) done. Current median = 5073.
    Insert(8977) done. Current median = 5079.
    Insert( 137) done. Current median = 5073.
    Insert(7842) done. Current median = 5079.
    Insert(2682) done. Current median = 5073.
    Insert(9071) done. Current median = 5079.
    Insert(2295) done. Current median = 5073.
    Insert(1380) done. Current median = 5073.
    Insert(9920) done. Current median = 5073.
    Insert(7199) done. Current median = 5079.
    Insert(9222) done. Current median = 5079.
    Insert( 399) done. Current median = 5079.
    Insert(9413) done. Current median = 5079.
    Insert(9556) done. Current median = 5088.
    Insert(8033) done. Current median = 5088.
    Insert(2292) done. Current median = 5088.
    Insert(2073) done. Current median = 5079.
    Insert(9755) done. Current median = 5088.
    Insert(1454) done. Current median = 5079.
    Insert( 520) done. Current median = 5079.
    Insert(4577) done. Current median = 5073.
    Insert(1779) done. Current median = 5073.
    Insert(  52) done. Current median = 5053.
    Insert(5268) done. Current median = 5073.
    Insert(9062) done. Current median = 5073.
    Insert(9504) done. Current median = 5079.
    Insert(3065) done. Current median = 5073.
    Insert(9942) done. Current median = 5079.
    Insert(3647) done. Current median = 5073.
    Insert(7720) done. Current median = 5079.
    Insert(7702) done. Current median = 5079.
    Insert(8541) done. Current median = 5088.
    Insert(6439) done. Current median = 5088.
    Insert(1807) done. Current median = 5088.
    Insert(2309) done. Current median = 5079.
    Insert(3809) done. Current median = 5079.
    Insert(9035) done. Current median = 5079.
    Insert(4985) done. Current median = 5079.
    Insert( 141) done. Current median = 5073.
    Insert(3497) done. Current median = 5073.
    Insert(4439) done. Current median = 5053.
    Insert(3924) done. Current median = 5053.
    Insert(2863) done. Current median = 5014.
    Insert( 181) done. Current median = 5014.
    Insert(5691) done. Current median = 5014.
    Insert(1299) done. Current median = 5014.
    Insert(4123) done. Current median = 5000.
    Insert(2865) done. Current median = 5000.
    Insert(5614) done. Current median = 5000.
    Insert( 239) done. Current median = 5000.
    Insert(7566) done. Current median = 5000.
    Insert(5367) done. Current median = 5014.
    Insert(5675) done. Current median = 5014.
    Insert(5331) done. Current median = 5053.
    Insert( 853) done. Current median = 5014.
    Insert(6902) done. Current median = 5053.
    Insert(8902) done. Current median = 5053.
    Insert( 427) done. Current median = 5053.
    Insert(2499) done. Current median = 5014.
    Insert(6552) done. Current median = 5053.
    Insert(9850) done. Current median = 5053.
    Insert(6719) done. Current median = 5073.
    Insert(5916) done. Current median = 5073.
    Insert(5769) done. Current median = 5079.
    Insert(5428) done. Current median = 5079.
    Insert(9761) done. Current median = 5088.
    Insert(8034) done. Current median = 5088.
    Insert(3513) done. Current median = 5088.
    Insert(7590) done. Current median = 5088.
    Insert(7163) done. Current median = 5099.
    Insert(1296) done. Current median = 5088.
    Insert(6202) done. Current median = 5099.
    Insert(9659) done. Current median = 5099.
    Insert(8518) done. Current median = 5115.
    Insert(7828) done. Current median = 5115.
    Insert(4188) done. Current median = 5115.
    Insert( 534) done. Current median = 5099.
    Insert(3468) done. Current median = 5099.
    Insert(3767) done. Current median = 5088.
    Insert(9155) done. Current median = 5099.
    Insert(7859) done. Current median = 5099.
    Insert(5012) done. Current median = 5099.
    Insert(9438) done. Current median = 5099.
    Insert(7428) done. Current median = 5115.
    Insert(7090) done. Current median = 5115.
    Insert(2589) done. Current median = 5115.
    Insert(9873) done. Current median = 5115.
    Insert(9147) done. Current median = 5142.
    Insert(2076) done. Current median = 5115.
    Insert(6836) done. Current median = 5142.
    Insert(6553) done. Current median = 5142.
    Insert(8639) done. Current median = 5193.
    Insert(2685) done. Current median = 5142.
    Insert( 107) done. Current median = 5142.
    Insert(7102) done. Current median = 5142.
    Insert(2050) done. Current median = 5142.
    Insert(1949) done. Current median = 5115.
    Insert(3347) done. Current median = 5115.
    Insert(2200) done. Current median = 5099.
    Insert(6128) done. Current median = 5115.
    Insert(9569) done. Current median = 5115.
    Insert(1229) done. Current median = 5115.
    Insert(6353) done. Current median = 5115.
    Insert(8276) done. Current median = 5142.
    Insert(6104) done. Current median = 5142.
    Insert(6090) done. Current median = 5193.
    Insert(7946) done. Current median = 5193.
    Insert(4237) done. Current median = 5193.
    Insert(1475) done. Current median = 5142.
    Insert(7427) done. Current median = 5193.
    Insert(3164) done. Current median = 5142.
    Insert(7778) done. Current median = 5193.
    Insert(3885) done. Current median = 5142.
    Insert(7794) done. Current median = 5193.
    Insert(5085) done. Current median = 5142.
    Insert(1840) done. Current median = 5142.
    Insert(7864) done. Current median = 5142.
    Insert(7902) done. Current median = 5193.
    Insert(6510) done. Current median = 5193.
    Insert(7043) done. Current median = 5208.
    Insert(7486) done. Current median = 5208.
    Insert(2308) done. Current median = 5208.
    Insert(1330) done. Current median = 5193.
    Insert(1485) done. Current median = 5193.
    Insert(3309) done. Current median = 5142.
    Insert(2712) done. Current median = 5142.
    Insert( 648) done. Current median = 5115.
    Insert(9289) done. Current median = 5142.
    Insert(4767) done. Current median = 5115.
    Insert( 276) done. Current median = 5115.
    Insert(4826) done. Current median = 5099.
    Insert(3581) done. Current median = 5099.
    Insert(1502) done. Current median = 5088.
    Insert(8335) done. Current median = 5099.
    Insert(2923) done. Current median = 5088.
    Insert(1109) done. Current median = 5088.
    Insert(9277) done. Current median = 5088.
    Insert(8964) done. Current median = 5099.
    Insert(3847) done. Current median = 5088.
    Insert(8093) done. Current median = 5099.
    Insert(7461) done. Current median = 5099.
    Insert(2827) done. Current median = 5099.
    Insert(5167) done. Current median = 5099.
    Insert(3953) done. Current median = 5099.
    Insert(2744) done. Current median = 5088.
    Insert(2774) done. Current median = 5088.
    Insert(3970) done. Current median = 5085.
    Insert(1143) done. Current median = 5085.
    Insert(1856) done. Current median = 5079.
    Insert(9179) done. Current median = 5085.
    Insert(4705) done. Current median = 5079.
    Insert(7856) done. Current median = 5085.
    Insert(7903) done. Current median = 5085.
    Insert(1879) done. Current median = 5085.
    Insert(9820) done. Current median = 5085.
    Insert(4732) done. Current median = 5085.
    Insert(7395) done. Current median = 5085.
    Insert(3690) done. Current median = 5085.
    Insert(4468) done. Current median = 5079.
    Insert(5735) done. Current median = 5085.
    Insert(8510) done. Current median = 5085.
    Insert(3663) done. Current median = 5085.
    Insert(9909) done. Current median = 5085.
    Insert(6921) done. Current median = 5088.
    Insert(8363) done. Current median = 5088.
    Insert( 282) done. Current median = 5088.
    Insert(9741) done. Current median = 5088.
    Insert(6164) done. Current median = 5099.
    Insert( 237) done. Current median = 5088.
    Insert(6141) done. Current median = 5099.
    Insert(1031) done. Current median = 5088.
    Insert(9503) done. Current median = 5099.
    Insert(2543) done. Current median = 5088.
    Insert(5087) done. Current median = 5088.
    Insert(1680) done. Current median = 5087.
    Insert(9196) done. Current median = 5088.
    Insert(5649) done. Current median = 5088.
    Insert(1187) done. Current median = 5088.
    Insert(5750) done. Current median = 5088.
    Insert( 422) done. Current median = 5088.
    Insert(3537) done. Current median = 5087.
    Insert(9305) done. Current median = 5088.
    Insert(1069) done. Current median = 5087.
    Insert(2757) done. Current median = 5087.
    Insert( 660) done. Current median = 5085.
    Insert(8264) done. Current median = 5087.
    Insert(3500) done. Current median = 5085.
    Insert(1344) done. Current median = 5085.
    Insert(4349) done. Current median = 5079.
    Insert(6230) done. Current median = 5085.
    Insert(4784) done. Current median = 5079.
    Insert(6996) done. Current median = 5085.
    Insert( 597) done. Current median = 5079.
    Insert(9189) done. Current median = 5085.
    Insert(7116) done. Current median = 5085.
    Insert(6628) done. Current median = 5087.
    Insert(3679) done. Current median = 5085.
    Insert(9565) done. Current median = 5087.
    Insert(8015) done. Current median = 5087.
    Insert( 801) done. Current median = 5087.
    Insert( 515) done. Current median = 5085.
    Insert(4380) done. Current median = 5085.
    Insert(7365) done. Current median = 5085.
    Insert(2470) done. Current median = 5085.
    Insert(3008) done. Current median = 5079.
    Insert(3370) done. Current median = 5079.
    Insert(1157) done. Current median = 5073.
    Insert(9300) done. Current median = 5079.
    Insert(6419) done. Current median = 5079.
    Insert(  53) done. Current median = 5079.
    Insert(2547) done. Current median = 5073.
    Insert(1914) done. Current median = 5073.
    Insert(9566) done. Current median = 5073.
    Insert(9077) done. Current median = 5079.
    Insert( 926) done. Current median = 5073.
    Insert(4620) done. Current median = 5073.
    Insert(1538) done. Current median = 5053.
    Insert(1854) done. Current median = 5053.
    Insert(6775) done. Current median = 5053.
    Insert(3219) done. Current median = 5053.
    Insert(6716) done. Current median = 5053.
    Insert(2933) done. Current median = 5053.
    Insert(3886) done. Current median = 5014.
    Insert(1907) done. Current median = 5014.
    Insert(1617) done. Current median = 5012.
    Insert(2659) done. Current median = 5012.
    Insert(1937) done. Current median = 5000.
    Insert(3992) done. Current median = 5000.
    Insert(5593) done. Current median = 5000.
    Insert( 700) done. Current median = 5000.
    Insert(4632) done. Current median = 4997.
    Insert(5463) done. Current median = 5000.
    Insert(8333) done. Current median = 5000.
    Insert(5460) done. Current median = 5012.
    Insert( 146) done. Current median = 5000.
    Insert(3918) done. Current median = 5000.
    Insert(8725) done. Current median = 5000.
    Insert(9889) done. Current median = 5012.
    Insert(9055) done. Current median = 5012.
    Insert(3384) done. Current median = 5012.
    Insert(8527) done. Current median = 5012.
    Insert(9451) done. Current median = 5014.
    Insert(3785) done. Current median = 5012.
    Insert(9462) done. Current median = 5014.
    Insert(9089) done. Current median = 5014.
    Insert(5041) done. Current median = 5041.
    Insert(2360) done. Current median = 5014.
    Insert(4331) done. Current median = 5014.
    Insert(7038) done. Current median = 5014.
    Insert(3108) done. Current median = 5014.
    Insert(5903) done. Current median = 5014.
    Insert(7212) done. Current median = 5041.
    Insert(3353) done. Current median = 5014.
    Insert(4268) done. Current median = 5014.
    Insert(6711) done. Current median = 5014.
    Insert(8403) done. Current median = 5041.
    Insert(1179) done. Current median = 5014.
    Insert( 489) done. Current median = 5014.
    Insert(6385) done. Current median = 5014.
    Insert(1159) done. Current median = 5014.
    Insert( 836) done. Current median = 5012.
    Insert(6451) done. Current median = 5014.
    Insert(2335) done. Current median = 5012.
    Insert(4904) done. Current median = 5012.
    Insert( 834) done. Current median = 5000.
    Insert(3317) done. Current median = 5000.
    Insert( 858) done. Current median = 4997.
    Insert(9310) done. Current median = 5000.
    Insert(5124) done. Current median = 5000.
    Insert(4436) done. Current median = 5000.
    Insert(2065) done. Current median = 4997.
    Insert(8457) done. Current median = 5000.
    Insert(5089) done. Current median = 5000.
    Insert(7836) done. Current median = 5012.
    Insert(9787) done. Current median = 5012.
    Insert(7169) done. Current median = 5014.
    Insert( 582) done. Current median = 5012.
    Insert(5944) done. Current median = 5014.
    Insert(4820) done. Current median = 5012.
    Insert( 897) done. Current median = 5012.
    Insert(2062) done. Current median = 5000.
    Insert(6927) done. Current median = 5012.

+++ Median Heap Sort done
       18   24   41   52   53   59   67   71   96   98  107  131  135  137  141
      146  148  155  170  173  181  210  214  215  237  239  241  270  276  277
      282  286  316  317  326  335  345  350  399  422  425  427  435  469  475
      489  505  507  508  515  520  532  534  561  574  581  582  583  589  597
      598  626  648  650  651  659  660  678  700  713  744  747  751  758  770
      786  794  795  801  822  834  836  837  853  854  858  880  897  902  915
      925  926  929  933  935  939  945  956 1007 1017 1031 1033 1042 1052 1064
     1069 1070 1094 1098 1109 1120 1136 1143 1157 1159 1165 1179 1187 1195 1225
     1229 1248 1255 1260 1266 1270 1280 1291 1296 1299 1301 1324 1327 1330 1338
     1344 1374 1380 1392 1405 1411 1424 1449 1454 1459 1464 1475 1485 1486 1502
     1510 1538 1559 1567 1578 1582 1586 1617 1639 1653 1676 1677 1680 1692 1708
     1714 1717 1719 1738 1743 1768 1777 1779 1807 1810 1834 1836 1840 1845 1849
     1854 1856 1863 1872 1879 1890 1895 1907 1912 1914 1921 1923 1937 1949 1952
     1964 1982 1991 2013 2016 2023 2035 2050 2054 2061 2062 2065 2073 2076 2093
     2100 2107 2124 2131 2147 2190 2200 2229 2231 2241 2243 2253 2270 2281 2292
     2295 2305 2308 2309 2316 2321 2335 2337 2340 2352 2360 2370 2371 2376 2378
     2382 2391 2428 2442 2457 2464 2470 2474 2487 2499 2502 2506 2543 2544 2547
     2576 2589 2592 2595 2649 2657 2659 2672 2682 2685 2693 2698 2703 2712 2716
     2744 2745 2753 2757 2774 2778 2796 2807 2821 2827 2856 2863 2865 2883 2923
     2933 2986 2996 3008 3012 3037 3046 3065 3068 3073 3080 3099 3108 3135 3148
     3155 3156 3164 3166 3176 3193 3201 3219 3235 3241 3245 3247 3249 3259 3269
     3299 3305 3309 3317 3343 3347 3353 3354 3355 3358 3366 3370 3374 3382 3384
     3388 3412 3423 3427 3432 3434 3443 3465 3468 3476 3478 3485 3497 3499 3500
     3513 3537 3539 3552 3560 3579 3581 3588 3606 3622 3645 3647 3648 3663 3672
     3675 3677 3678 3679 3690 3710 3714 3727 3728 3752 3766 3767 3770 3785 3786
     3802 3809 3821 3825 3845 3847 3849 3850 3861 3864 3868 3885 3886 3891 3893
     3912 3918 3923 3924 3925 3931 3945 3953 3970 3971 3978 3991 3992 4004 4011
     4068 4072 4077 4088 4093 4098 4112 4123 4127 4148 4165 4188 4237 4260 4267
     4268 4286 4290 4298 4317 4331 4349 4357 4376 4377 4380 4382 4432 4436 4439
     4448 4449 4452 4468 4479 4491 4511 4513 4521 4524 4525 4529 4531 4562 4568
     4577 4580 4620 4632 4636 4655 4660 4678 4680 4684 4688 4689 4705 4732 4737
     4757 4767 4784 4800 4801 4819 4820 4826 4836 4854 4879 4890 4904 4914 4924
     4926 4946 4951 4953 4957 4964 4968 4973 4985 4997 5000 5012 5014 5041 5053
     5073 5079 5085 5087 5088 5089 5099 5115 5124 5142 5167 5193 5208 5209 5212
     5231 5265 5268 5283 5286 5290 5307 5308 5317 5325 5331 5340 5348 5358 5363
     5367 5425 5426 5428 5460 5463 5478 5485 5486 5493 5506 5512 5523 5524 5541
     5557 5573 5580 5585 5593 5594 5605 5614 5620 5649 5675 5691 5713 5718 5722
     5735 5742 5746 5750 5769 5781 5814 5821 5824 5830 5880 5903 5916 5944 5949
     5978 5981 5991 6000 6015 6023 6029 6054 6087 6090 6102 6104 6128 6141 6164
     6165 6167 6191 6202 6213 6230 6244 6303 6307 6317 6321 6351 6353 6366 6367
     6368 6370 6385 6414 6419 6422 6426 6427 6428 6436 6439 6451 6456 6461 6483
     6486 6508 6509 6510 6511 6516 6520 6543 6544 6551 6552 6553 6566 6567 6572
     6573 6601 6614 6615 6617 6628 6630 6640 6647 6659 6660 6663 6676 6687 6711
     6716 6719 6720 6760 6765 6775 6787 6795 6801 6804 6812 6820 6823 6832 6836
     6839 6874 6890 6902 6911 6913 6921 6927 6932 6952 6967 6994 6996 6998 7008
     7013 7038 7042 7043 7060 7079 7090 7092 7095 7099 7102 7108 7116 7151 7163
     7169 7171 7185 7199 7210 7212 7222 7227 7228 7234 7288 7295 7309 7316 7317
     7329 7359 7365 7377 7383 7395 7401 7406 7427 7428 7429 7446 7448 7453 7459
     7461 7466 7468 7479 7480 7483 7486 7513 7521 7528 7562 7566 7586 7590 7609
     7619 7621 7626 7627 7640 7650 7659 7662 7671 7702 7713 7720 7734 7745 7749
     7764 7778 7781 7794 7805 7824 7828 7833 7836 7842 7847 7848 7856 7859 7864
     7867 7870 7871 7879 7895 7902 7903 7908 7923 7931 7946 7966 7994 8004 8006
     8015 8019 8033 8034 8039 8040 8073 8076 8084 8093 8114 8115 8130 8134 8135
     8149 8158 8188 8196 8200 8204 8212 8226 8264 8266 8276 8281 8291 8297 8320
     8321 8323 8333 8334 8335 8341 8356 8363 8375 8381 8383 8394 8401 8403 8413
     8419 8447 8451 8453 8457 8470 8501 8504 8510 8518 8527 8534 8541 8543 8548
     8561 8577 8578 8590 8601 8604 8636 8638 8639 8665 8684 8690 8724 8725 8739
     8746 8749 8771 8795 8805 8820 8823 8833 8854 8856 8892 8894 8897 8902 8909
     8930 8949 8957 8964 8968 8972 8977 9002 9007 9014 9029 9035 9036 9055 9060
     9062 9071 9072 9077 9082 9084 9089 9092 9093 9100 9129 9147 9155 9172 9177
     9179 9189 9193 9196 9215 9216 9222 9225 9241 9257 9261 9277 9289 9295 9300
     9305 9310 9326 9331 9338 9346 9361 9380 9381 9388 9404 9408 9412 9413 9414
     9415 9423 9438 9442 9447 9451 9462 9484 9495 9503 9504 9505 9513 9530 9538
     9556 9560 9565 9566 9569 9575 9584 9587 9622 9655 9659 9716 9741 9755 9761
     9782 9787 9796 9801 9820 9840 9847 9850 9853 9873 9884 9889 9909 9912 9920
     9942 9947 9952 9960 9961 9974 9981 9993
