
+++ MedHeap initialized

+++ Going to insert elements one by one in MedHeap
    Insert(6125) done. Current median = 6125.
    Insert( 560) done. Current median =  560.
    Insert(3674) done. Current median = 3674.
    Insert(6999) done. Current median = 3674.
    Insert(9962) done. Current median = 6125.
    Insert(3107) done. Current median = 3674.
    Insert(9544) done. Current median = 6125.
    Insert(2788) done. Current median = 3674.
    Insert( 232) done. Current median = 3674.
    Insert(7118) done. Current median = 3674.
    Insert(7383) done. Current median = 6125.
    Insert(2329) done. Current median = 3674.
    Insert(3356) done. Current median = 3674.
    Insert(5833) done. Current median = 3674.
    Insert(6003) done. Current median = 5833.
    Insert(5375) done. Current median = 5375.
    Insert(5380) done. Current median = 5380.
    Insert(4549) done. Current median = 5375.
    Insert(4079) done. Current median = 5375.
    Insert(9872) done. Current median = 5375.
    Insert(3085) done. Current median = 5375.
    Insert(7382) done. Current median = 5375.
    Insert(2741) done. Current median = 5375.
    Insert(4466) done. Current median = 4549.
    Insert(6544) done. Current median = 5375.
    Insert(5585) done. Current median = 5375.
    Insert(1452) done. Current median = 5375.
    Insert(7233) done. Current median = 5375.
    Insert( 224) done. Current median = 5375.
    Insert(5215) done. Current median = 5215.
    Insert(7046) done. Current median = 5375.
    Insert(2922) done. Current median = 5215.
    Insert(3977) done. Current median = 5215.
    Insert(8683) done. Current median = 5215.
    Insert(2586) done. Current median = 5215.
    Insert( 549) done. Current median = 4549.
    Insert(9211) done. Current median = 5215.
    Insert(8043) done. Current median = 5215.
    Insert(4897) done. Current median = 5215.
    Insert(7299) done. Current median = 5215.
    Insert( 513) done. Current median = 5215.
    Insert(4124) done. Current median = 4897.
    Insert(6291) done. Current median = 5215.
    Insert(3214) done. Current median = 4897.
    Insert(8671) done. Current median = 5215.
    Insert( 983) done. Current median = 4897.
    Insert(6988) done. Current median = 5215.
    Insert(9441) done. Current median = 5215.
    Insert( 309) done. Current median = 5215.
    Insert(4269) done. Current median = 4897.
    Insert(9492) done. Current median = 5215.
    Insert(7694) done. Current median = 5215.
    Insert( 260) done. Current median = 5215.
    Insert(1882) done. Current median = 4897.
    Insert(5529) done. Current median = 5215.
    Insert(9467) done. Current median = 5215.
    Insert(7420) done. Current median = 5375.
    Insert(8461) done. Current median = 5375.
    Insert(7906) done. Current median = 5380.
    Insert(1997) done. Current median = 5375.
    Insert(3354) done. Current median = 5375.
    Insert(1209) done. Current median = 5215.
    Insert(8170) done. Current median = 5375.
    Insert(2163) done. Current median = 5215.
    Insert(2971) done. Current median = 5215.
    Insert(7132) done. Current median = 5215.
    Insert( 119) done. Current median = 5215.
    Insert(3435) done. Current median = 4897.
    Insert(1978) done. Current median = 4897.
    Insert(7661) done. Current median = 4897.
    Insert(4845) done. Current median = 4897.
    Insert(3934) done. Current median = 4845.
    Insert(6634) done. Current median = 4897.
    Insert(3353) done. Current median = 4845.
    Insert(9632) done. Current median = 4897.
    Insert(6938) done. Current median = 4897.
    Insert(1029) done. Current median = 4897.
    Insert(3334) done. Current median = 4845.
    Insert(6063) done. Current median = 4897.
    Insert(9307) done. Current median = 4897.
    Insert(9571) done. Current median = 5215.
    Insert(8673) done. Current median = 5215.
    Insert(6942) done. Current median = 5375.
    Insert( 587) done. Current median = 5215.
    Insert(1961) done. Current median = 5215.
    Insert(7558) done. Current median = 5215.
    Insert(5314) done. Current median = 5314.
    Insert(5326) done. Current median = 5314.
    Insert(7826) done. Current median = 5326.
    Insert(3442) done. Current median = 5314.
    Insert(4805) done. Current median = 5314.
    Insert(6122) done. Current median = 5314.
    Insert(5038) done. Current median = 5314.
    Insert(6302) done. Current median = 5314.
    Insert(4608) done. Current median = 5314.
    Insert(7928) done. Current median = 5314.
    Insert(5618) done. Current median = 5326.
    Insert(7005) done. Current median = 5326.
    Insert( 311) done. Current median = 5326.
    Insert(1124) done. Current median = 5314.
    Insert( 848) done. Current median = 5314.
    Insert(5931) done. Current median = 5314.
    Insert(9621) done. Current median = 5326.
    Insert(2359) done. Current median = 5314.
    Insert(5863) done. Current median = 5326.
    Insert( 486) done. Current median = 5314.
    Insert(8894) done. Current median = 5326.
    Insert(7432) done. Current median = 5326.
    Insert(6581) done. Current median = 5375.
    Insert(2327) done. Current median = 5326.
    Insert(6970) done. Current median = 5375.
    Insert(5907) done. Current median = 5375.
    Insert(  36) done. Current median = 5375.
    Insert(5178) done. Current median = 5326.
    Insert(8021) done. Current median = 5375.
    Insert(8597) done. Current median = 5375.
    Insert(6297) done. Current median = 5380.
    Insert(6619) done. Current median = 5380.
    Insert(4267) done. Current median = 5380.
    Insert(2406) done. Current median = 5375.
    Insert(9223) done. Current median = 5380.
    Insert(4432) done. Current median = 5375.
    Insert(9774) done. Current median = 5380.
    Insert(9076) done. Current median = 5380.
    Insert( 104) done. Current median = 5380.
    Insert(8092) done. Current median = 5380.
    Insert(9387) done. Current median = 5529.
    Insert(8286) done. Current median = 5529.
    Insert(  92) done. Current median = 5529.
    Insert(3540) done. Current median = 5380.
    Insert(6211) done. Current median = 5529.
    Insert(1353) done. Current median = 5380.
    Insert(3737) done. Current median = 5380.
    Insert(2076) done. Current median = 5375.
    Insert(4512) done. Current median = 5375.
    Insert(8017) done. Current median = 5375.
    Insert(2761) done. Current median = 5375.
    Insert(5818) done. Current median = 5375.
    Insert(4075) done. Current median = 5375.
    Insert(2711) done. Current median = 5326.
    Insert(1018) done. Current median = 5326.
    Insert(7788) done. Current median = 5326.
    Insert( 322) done. Current median = 5326.
    Insert(7597) done. Current median = 5326.
    Insert(6288) done. Current median = 5375.
    Insert(5099) done. Current median = 5326.
    Insert(9971) done. Current median = 5375.
    Insert(6839) done. Current median = 5375.
    Insert(2524) done. Current median = 5375.
    Insert(5119) done. Current median = 5326.
    Insert( 477) done. Current median = 5326.
    Insert(6818) done. Current median = 5326.
    Insert(8051) done. Current median = 5375.
    Insert(6575) done. Current median = 5375.
    Insert(9053) done. Current median = 5380.
    Insert(6487) done. Current median = 5380.
    Insert(5706) done. Current median = 5529.
    Insert(7099) done. Current median = 5529.
    Insert( 870) done. Current median = 5529.
    Insert(3426) done. Current median = 5380.
    Insert(9868) done. Current median = 5529.
    Insert(  50) done. Current median = 5380.
    Insert(5904) done. Current median = 5529.
    Insert(3827) done. Current median = 5380.
    Insert(4104) done. Current median = 5380.
    Insert(5263) done. Current median = 5375.
    Insert( 562) done. Current median = 5375.
    Insert(9371) done. Current median = 5375.
    Insert(1103) done. Current median = 5375.
    Insert(1114) done. Current median = 5326.
    Insert(9742) done. Current median = 5375.
    Insert(4837) done. Current median = 5326.
    Insert(1699) done. Current median = 5326.
    Insert( 103) done. Current median = 5314.
    Insert(4338) done. Current median = 5314.
    Insert(9511) done. Current median = 5314.
    Insert(2591) done. Current median = 5314.
    Insert( 333) done. Current median = 5263.
    Insert(8708) done. Current median = 5314.
    Insert(4459) done. Current median = 5263.
    Insert(8994) done. Current median = 5314.
    Insert(3015) done. Current median = 5263.
    Insert(6479) done. Current median = 5314.
    Insert(2861) done. Current median = 5263.
    Insert( 631) done. Current median = 5263.
    Insert(8204) done. Current median = 5263.
    Insert(4513) done. Current median = 5263.
    Insert(3894) done. Current median = 5215.
    Insert(1244) done. Current median = 5215.
    Insert(8244) done. Current median = 5215.
    Insert(6699) done. Current median = 5263.
    Insert(7969) done. Current median = 5263.
    Insert(3656) done. Current median = 5263.
    Insert( 921) done. Current median = 5215.
    Insert(  82) done. Current median = 5215.
    Insert(6894) done. Current median = 5215.
    Insert( 903) done. Current median = 5215.
    Insert(7159) done. Current median = 5215.
    Insert(3281) done. Current median = 5215.
    Insert(6037) done. Current median = 5215.
    Insert(2380) done. Current median = 5215.
    Insert(4501) done. Current median = 5178.
    Insert(4839) done. Current median = 5178.
    Insert(8248) done. Current median = 5178.
    Insert( 238) done. Current median = 5178.
    Insert(2805) done. Current median = 5119.
    Insert(6259) done. Current median = 5178.
    Insert( 929) done. Current median = 5119.
    Insert(5738) done. Current median = 5178.
    Insert(8832) done. Current median = 5178.
    Insert(2535) done. Current median = 5178.
    Insert( 876) done. Current median = 5119.
    Insert(1138) done. Current median = 5119.
    Insert(8948) done. Current median = 5119.
    Insert(1078) done. Current median = 5119.
    Insert(2067) done. Current median = 5099.
    Insert(6744) done. Current median = 5119.
    Insert(1559) done. Current median = 5099.
    Insert(7312) done. Current median = 5119.
    Insert( 805) done. Current median = 5099.
    Insert(7870) done. Current median = 5119.
    Insert(1934) done. Current median = 5099.
    Insert(4491) done. Current median = 5099.
    Insert(5004) done. Current median = 5038.
    Insert(7246) done. Current median = 5099.
    Insert(6630) done. Current median = 5099.
    Insert(4013) done. Current median = 5099.
    Insert(5466) done. Current median = 5099.
    Insert(6506) done. Current median = 5119.
    Insert(2331) done. Current median = 5099.
    Insert(1827) done. Current median = 5099.
    Insert(4395) done. Current median = 5038.
    Insert(8598) done. Current median = 5099.
    Insert(2680) done. Current median = 5038.
    Insert( 904) done. Current median = 5038.
    Insert(8918) done. Current median = 5038.
    Insert(9911) done. Current median = 5099.
    Insert(9745) done. Current median = 5099.
    Insert(7318) done. Current median = 5119.
    Insert(7425) done. Current median = 5119.
    Insert(5322) done. Current median = 5178.
    Insert(1423) done. Current median = 5119.
    Insert(1650) done. Current median = 5119.
    Insert(8764) done. Current median = 5119.
    Insert(2706) done. Current median = 5119.
    Insert(9231) done. Current median = 5119.
    Insert(9826) done. Current median = 5178.
    Insert(8718) done. Current median = 5178.
    Insert(6400) done. Current median = 5215.
    Insert(6020) done. Current median = 5215.
    Insert(5647) done. Current median = 5263.
    Insert( 730) done. Current median = 5215.
    Insert(9448) done. Current median = 5263.
    Insert(7505) done. Current median = 5263.
    Insert(2232) done. Current median = 5263.
    Insert(2931) done. Current median = 5215.
    Insert(4928) done. Current median = 5215.
    Insert(5008) done. Current median = 5178.
    Insert(3778) done. Current median = 5178.
    Insert(5653) done. Current median = 5178.
    Insert( 508) done. Current median = 5178.
    Insert(5143) done. Current median = 5143.
    Insert( 495) done. Current median = 5143.
    Insert(3602) done. Current median = 5119.
    Insert(8919) done. Current median = 5143.
    Insert(6454) done. Current median = 5143.
    Insert(1221) done. Current median = 5143.
    Insert(9754) done. Current median = 5143.
    Insert(4261) done. Current median = 5143.
    Insert(6515) done. Current median = 5143.
    Insert(7116) done. Current median = 5178.
    Insert(8352) done. Current median = 5178.
    Insert(8187) done. Current median = 5215.
    Insert(2564) done. Current median = 5178.
    Insert(3887) done. Current median = 5178.
    Insert(1126) done. Current median = 5143.
    Insert(5725) done. Current median = 5178.
    Insert(7994) done. Current median = 5178.
    Insert(7181) done. Current median = 5215.
    Insert(1528) done. Current median = 5178.
    Insert(6239) done. Current median = 5215.
    Insert(6372) done. Current median = 5215.
    Insert(9415) done. Current median = 5263.
    Insert( 185) done. Current median = 5215.
    Insert(8924) done. Current median = 5263.
    Insert(6529) done. Current median = 5263.
    Insert(2382) done. Current median = 5263.
    Insert(8854) done. Current median = 5263.
    Insert(4327) done. Current median = 5263.
    Insert(1399) done. Current median = 5215.
    Insert(6411) done. Current median = 5263.
    Insert(8650) done. Current median = 5263.
    Insert(7594) done. Current median = 5314.
    Insert(5808) done. Current median = 5314.
    Insert(4295) done. Current median = 5314.
    Insert(3728) done. Current median = 5263.
    Insert(1032) done. Current median = 5263.
    Insert(1262) done. Current median = 5215.
    Insert(7871) done. Current median = 5263.
    Insert( 828) done. Current median = 5215.
    Insert(2171) done. Current median = 5215.
    Insert(5379) done. Current median = 5215.
    Insert(9088) done. Current median = 5263.
    Insert(1958) done. Current median = 5215.
    Insert(3701) done. Current median = 5215.
    Insert(6145) done. Current median = 5215.
    Insert(1220) done. Current median = 5215.
    Insert( 125) done. Current median = 5178.
    Insert(1197) done. Current median = 5178.
    Insert(2927) done. Current median = 5143.
    Insert(4588) done. Current median = 5143.
    Insert( 117) done. Current median = 5119.
    Insert(8069) done. Current median = 5143.
    Insert(  73) done. Current median = 5119.
    Insert(4634) done. Current median = 5119.
    Insert(5837) done. Current median = 5119.
    Insert(6469) done. Current median = 5143.
    Insert(4470) done. Current median = 5119.
    Insert(7717) done. Current median = 5143.
    Insert(4057) done. Current median = 5119.
    Insert( 488) done. Current median = 5119.
    Insert(2791) done. Current median = 5099.
    Insert( 781) done. Current median = 5099.
    Insert(7684) done. Current median = 5099.
    Insert(6803) done. Current median = 5119.
    Insert(6768) done. Current median = 5119.
    Insert(8861) done. Current median = 5143.
    Insert( 343) done. Current median = 5119.
    Insert(7835) done. Current median = 5143.
    Insert( 161) done. Current median = 5119.
    Insert(9871) done. Current median = 5143.
    Insert(6376) done. Current median = 5143.
    Insert( 946) done. Current median = 5143.
    Insert(6927) done. Current median = 5143.
    Insert(3803) done. Current median = 5143.
    Insert(6954) done. Current median = 5143.
    Insert(1461) done. Current median = 5143.
    Insert( 517) done. Current median = 5119.
    Insert(1949) done. Current median = 5119.
    Insert(6888) done. Current median = 5119.
    Insert(7749) done. Current median = 5143.
    Insert(9494) done. Current median = 5143.
    Insert(6277) done. Current median = 5178.
    Insert(7543) done. Current median = 5178.
    Insert(7517) done. Current median = 5215.
    Insert(1511) done. Current median = 5178.
    Insert(7405) done. Current median = 5215.
    Insert(6908) done. Current median = 5215.
    Insert(2198) done. Current median = 5215.
    Insert(6299) done. Current median = 5215.
    Insert(6786) done. Current median = 5263.
    Insert(5967) done. Current median = 5263.
    Insert(3232) done. Current median = 5263.
    Insert(7621) done. Current median = 5263.
    Insert(7465) done. Current median = 5314.
    Insert(3407) done. Current median = 5263.
    Insert(7485) done. Current median = 5314.
    Insert( 887) done. Current median = 5263.
    Insert(5955) done. Current median = 5314.
    Insert(5446) done. Current median = 5314.
    Insert(8294) done. Current median = 5322.
    Insert(9755) done. Current median = 5322.
    Insert(4174) done. Current median = 5322.
    Insert(1825) done. Current median = 5314.
    Insert(6016) done. Current median = 5322.
    Insert(9062) done. Current median = 5322.
    Insert(6204) done. Current median = 5326.
    Insert(3251) done. Current median = 5322.
    Insert(4796) done. Current median = 5322.
    Insert(5388) done. Current median = 5322.
    Insert(5952) done. Current median = 5326.
    Insert( 195) done. Current median = 5322.
    Insert(4387) done. Current median = 5322.
    Insert(4625) done. Current median = 5314.
    Insert(8670) done. Current median = 5322.
    Insert(6743) done. Current median = 5322.
    Insert( 192) done. Current median = 5322.
    Insert(9462) done. Current median = 5322.
    Insert(9616) done. Current median = 5326.
    Insert(3707) done. Current median = 5322.
    Insert(7787) done. Current median = 5326.
    Insert(1355) done. Current median = 5322.
    Insert(2368) done. Current median = 5322.
    Insert(9437) done. Current median = 5322.
    Insert(9134) done. Current median = 5326.
    Insert(9422) done. Current median = 5326.
    Insert(7410) done. Current median = 5375.
    Insert(1056) done. Current median = 5326.
    Insert(3439) done. Current median = 5326.
    Insert(9070) done. Current median = 5326.
    Insert(2890) done. Current median = 5326.
    Insert(3991) done. Current median = 5322.
    Insert(3818) done. Current median = 5322.
    Insert(1038) done. Current median = 5314.
    Insert(7616) done. Current median = 5322.
    Insert(1034) done. Current median = 5314.
    Insert( 750) done. Current median = 5314.
    Insert(6656) done. Current median = 5314.
    Insert(8922) done. Current median = 5322.
    Insert(4292) done. Current median = 5314.
    Insert(3226) done. Current median = 5314.
    Insert(8491) done. Current median = 5314.
    Insert(7825) done. Current median = 5322.
    Insert(8001) done. Current median = 5322.
    Insert(6700) done. Current median = 5326.
    Insert( 258) done. Current median = 5322.
    Insert(  65) done. Current median = 5322.
    Insert(4048) done. Current median = 5314.
    Insert(6773) done. Current median = 5322.
    Insert(6370) done. Current median = 5322.
    Insert(6038) done. Current median = 5326.
    Insert(2390) done. Current median = 5322.
    Insert( 973) done. Current median = 5322.
    Insert(2121) done. Current median = 5314.
    Insert(9641) done. Current median = 5322.
    Insert( 127) done. Current median = 5314.
    Insert(6390) done. Current median = 5322.
    Insert(1072) done. Current median = 5314.
    Insert( 408) done. Current median = 5314.
    Insert( 650) done. Current median = 5263.
    Insert(1830) done. Current median = 5263.
    Insert( 757) done. Current median = 5215.
    Insert(9529) done. Current median = 5263.
    Insert(  41) done. Current median = 5215.
    Insert(1190) done. Current median = 5215.
    Insert(1956) done. Current median = 5178.
    Insert(2118) done. Current median = 5178.
    Insert(2011) done. Current median = 5143.
    Insert(6463) done. Current median = 5178.
    Insert(3045) done. Current median = 5143.
    Insert(1560) done. Current median = 5143.
    Insert(6753) done. Current median = 5143.
    Insert(8164) done. Current median = 5178.
    Insert(2946) done. Current median = 5143.
    Insert(8910) done. Current median = 5178.
    Insert(5693) done. Current median = 5178.
    Insert(1736) done. Current median = 5178.
    Insert(4783) done. Current median = 5143.
    Insert(1624) done. Current median = 5143.
    Insert(3792) done. Current median = 5119.
    Insert(3895) done. Current median = 5119.
    Insert(5596) done. Current median = 5119.
    Insert(4540) done. Current median = 5119.
    Insert(7761) done. Current median = 5119.
    Insert(9813) done. Current median = 5143.
    Insert( 506) done. Current median = 5119.
    Insert(7829) done. Current median = 5143.
    Insert(8549) done. Current median = 5143.
    Insert(9355) done. Current median = 5178.
    Insert(4757) done. Current median = 5143.
    Insert(2676) done. Current median = 5143.
    Insert(8972) done. Current median = 5143.
    Insert(9150) done. Current median = 5178.
    Insert(4866) done. Current median = 5143.
    Insert( 105) done. Current median = 5143.
    Insert(3867) done. Current median = 5119.
    Insert(4006) done. Current median = 5119.
    Insert(6185) done. Current median = 5119.
    Insert(5276) done. Current median = 5143.
    Insert(2019) done. Current median = 5119.
    Insert(1690) done. Current median = 5119.
    Insert(1556) done. Current median = 5099.
    Insert(1460) done. Current median = 5099.
    Insert(9762) done. Current median = 5099.
    Insert(3749) done. Current median = 5099.
    Insert(1888) done. Current median = 5038.
    Insert( 884) done. Current median = 5038.
    Insert( 170) done. Current median = 5008.
    Insert(1707) done. Current median = 5008.
    Insert(6519) done. Current median = 5008.
    Insert(3939) done. Current median = 5008.
    Insert(5622) done. Current median = 5008.
    Insert(2040) done. Current median = 5008.
    Insert(3983) done. Current median = 5004.
    Insert(9960) done. Current median = 5008.
    Insert(1922) done. Current median = 5004.
    Insert(6177) done. Current median = 5008.
    Insert(8173) done. Current median = 5008.
    Insert(8792) done. Current median = 5038.
    Insert(3147) done. Current median = 5008.
    Insert(9759) done. Current median = 5038.
    Insert(8989) done. Current median = 5038.
    Insert(2641) done. Current median = 5038.
    Insert(4558) done. Current median = 5008.
    Insert( 390) done. Current median = 5008.
    Insert( 878) done. Current median = 5004.
    Insert(6404) done. Current median = 5008.
    Insert(7633) done. Current median = 5008.
    Insert( 891) done. Current median = 5008.
    Insert(2203) done. Current median = 5004.
    Insert(3105) done. Current median = 5004.
    Insert(8166) done. Current median = 5004.
    Insert(8976) done. Current median = 5008.
    Insert( 733) done. Current median = 5004.
    Insert( 859) done. Current median = 5004.
    Insert(4756) done. Current median = 4928.
    Insert(9902) done. Current median = 5004.
    Insert(5226) done. Current median = 5004.
    Insert(2679) done. Current median = 5004.
    Insert( 776) done. Current median = 4928.
    Insert(8109) done. Current median = 5004.
    Insert( 171) done. Current median = 4928.
    Insert(  33) done. Current median = 4928.
    Insert(3866) done. Current median = 4897.
    Insert(4857) done. Current median = 4897.
    Insert(8227) done. Current median = 4897.
    Insert( 133) done. Current median = 4897.
    Insert(6430) done. Current median = 4897.
    Insert( 807) done. Current median = 4897.
    Insert(6901) done. Current median = 4897.
    Insert(9266) done. Current median = 4928.
    Insert(9990) done. Current median = 4928.
    Insert(6994) done. Current median = 5004.
    Insert(9443) done. Current median = 5004.
    Insert(9240) done. Current median = 5008.
    Insert(7337) done. Current median = 5008.
    Insert( 992) done. Current median = 5008.
    Insert( 274) done. Current median = 5004.
    Insert(2094) done. Current median = 5004.
    Insert(6459) done. Current median = 5004.
    Insert(4773) done. Current median = 5004.
    Insert(4257) done. Current median = 4928.
    Insert(1848) done. Current median = 4928.
    Insert(1715) done. Current median = 4897.
    Insert(2677) done. Current median = 4897.
    Insert(2958) done. Current median = 4866.
    Insert(1311) done. Current median = 4866.
    Insert(4227) done. Current median = 4857.
    Insert(8316) done. Current median = 4866.
    Insert(4234) done. Current median = 4857.
    Insert(1605) done. Current median = 4857.
    Insert(6316) done. Current median = 4857.
    Insert(1422) done. Current median = 4857.
    Insert(4587) done. Current median = 4845.
    Insert(6072) done. Current median = 4857.
    Insert(5193) done. Current median = 4857.
    Insert( 913) done. Current median = 4857.
    Insert(4450) done. Current median = 4845.
    Insert(8386) done. Current median = 4857.
    Insert(5103) done. Current median = 4857.
    Insert(8587) done. Current median = 4866.
    Insert(3512) done. Current median = 4857.
    Insert(7372) done. Current median = 4866.
    Insert(1773) done. Current median = 4857.
    Insert( 304) done. Current median = 4857.
    Insert(4559) done. Current median = 4845.
    Insert(5154) done. Current median = 4857.
    Insert(4188) done. Current median = 4845.
    Insert(3003) done. Current median = 4845.
    Insert(7587) done. Current median = 4845.
    Insert(1465) done. Current median = 4845.
    Insert(6601) done. Current median = 4845.
    Insert(5883) done. Current median = 4857.
    Insert(7175) done. Current median = 4857.
    Insert(5887) done. Current median = 4866.
    Insert( 651) done. Current median = 4857.
    Insert(5800) done. Current median = 4866.
    Insert( 505) done. Current median = 4857.
    Insert(6854) done. Current median = 4866.
    Insert(6555) done. Current median = 4866.
    Insert(1927) done. Current median = 4866.
    Insert(9123) done. Current median = 4866.
    Insert(5239) done. Current median = 4897.
    Insert(9888) done. Current median = 4897.
    Insert(8132) done. Current median = 4928.
    Insert(8066) done. Current median = 4928.
    Insert(7971) done. Current median = 5004.
    Insert(9984) done. Current median = 5004.
    Insert(2035) done. Current median = 5004.
    Insert( 939) done. Current median = 4928.
    Insert(2450) done. Current median = 4928.
    Insert(7751) done. Current median = 4928.
    Insert(4803) done. Current median = 4928.
    Insert(6777) done. Current median = 4928.
    Insert(3366) done. Current median = 4928.
    Insert(2229) done. Current median = 4897.
    Insert(7732) done. Current median = 4928.
    Insert(3173) done. Current median = 4897.
    Insert(4046) done. Current median = 4897.
    Insert(9170) done. Current median = 4897.
    Insert(5172) done. Current median = 4928.
    Insert( 452) done. Current median = 4897.
    Insert(4142) done. Current median = 4897.
    Insert(3400) done. Current median = 4866.
    Insert(6763) done. Current median = 4897.
    Insert(4523) done. Current median = 4866.
    Insert(6851) done. Current median = 4897.
    Insert(8742) done. Current median = 4897.
    Insert(5562) done. Current median = 4928.
    Insert(5238) done. Current median = 4928.
    Insert(5815) done. Current median = 5004.
    Insert(9914) done. Current median = 5004.
    Insert(6492) done. Current median = 5008.
    Insert(9594) done. Current median = 5008.
    Insert(2479) done. Current median = 5008.
    Insert(8745) done. Current median = 5008.
    Insert(7935) done. Current median = 5038.
    Insert( 694) done. Current median = 5008.
    Insert(4896) done. Current median = 5008.
    Insert(7338) done. Current median = 5008.
    Insert( 301) done. Current median = 5008.
    Insert(7285) done. Current median = 5008.
    Insert(8177) done. Current median = 5038.
    Insert(6146) done. Current median = 5038.
    Insert(5021) done. Current median = 5038.
    Insert(8059) done. Current median = 5038.
    Insert(8136) done. Current median = 5099.
    Insert(7959) done. Current median = 5099.
    Insert(3410) done. Current median = 5099.
    Insert(9246) done. Current median = 5099.
    Insert( 792) done. Current median = 5099.
    Insert(7228) done. Current median = 5099.
    Insert(8735) done. Current median = 5103.
    Insert(8529) done. Current median = 5103.
    Insert(7777) done. Current median = 5119.
    Insert(1868) done. Current median = 5103.
    Insert(9499) done. Current median = 5119.
    Insert(9503) done. Current median = 5119.
    Insert(8264) done. Current median = 5143.
    Insert( 740) done. Current median = 5119.
    Insert(7748) done. Current median = 5143.
    Insert(1772) done. Current median = 5119.
    Insert( 604) done. Current median = 5119.
    Insert(4851) done. Current median = 5103.
    Insert(8893) done. Current median = 5119.
    Insert(2251) done. Current median = 5103.
    Insert(5444) done. Current median = 5119.
    Insert(1791) done. Current median = 5103.
    Insert(9125) done. Current median = 5119.
    Insert(1352) done. Current median = 5103.
    Insert(8660) done. Current median = 5119.
    Insert( 405) done. Current median = 5103.
    Insert(3364) done. Current median = 5103.
    Insert(4919) done. Current median = 5099.
    Insert(3622) done. Current median = 5099.
    Insert(9584) done. Current median = 5099.
    Insert(8131) done. Current median = 5103.
    Insert(1439) done. Current median = 5099.
    Insert(6654) done. Current median = 5103.
    Insert(2569) done. Current median = 5099.
    Insert(8858) done. Current median = 5103.
    Insert( 561) done. Current median = 5099.
    Insert(6609) done. Current median = 5103.
    Insert(1395) done. Current median = 5099.
    Insert(2031) done. Current median = 5099.
    Insert(6649) done. Current median = 5099.
    Insert(2719) done. Current median = 5099.
    Insert(7637) done. Current median = 5099.
    Insert( 860) done. Current median = 5099.
    Insert(5501) done. Current median = 5099.
    Insert(6799) done. Current median = 5103.
    Insert(1203) done. Current median = 5099.
    Insert( 857) done. Current median = 5099.
    Insert(6303) done. Current median = 5099.
    Insert(2015) done. Current median = 5099.
    Insert(6124) done. Current median = 5099.
    Insert(4419) done. Current median = 5099.
    Insert(1088) done. Current median = 5038.
    Insert(9517) done. Current median = 5099.
    Insert(7448) done. Current median = 5099.
    Insert(5243) done. Current median = 5103.
    Insert(1212) done. Current median = 5099.
    Insert(6893) done. Current median = 5103.
    Insert(5719) done. Current median = 5103.
    Insert(9739) done. Current median = 5119.
    Insert(8086) done. Current median = 5119.
    Insert(2486) done. Current median = 5119.
    Insert(2651) done. Current median = 5103.
    Insert(7979) done. Current median = 5119.
    Insert(5825) done. Current median = 5119.
    Insert(5237) done. Current median = 5143.
    Insert(9903) done. Current median = 5143.
    Insert(2523) done. Current median = 5143.

+++ Median Heap Sort done
       33   36   41   50   65   73   82   92  103  104  105  117  119  125  127
      133  161  170  171  185  192  195  224  232  238  258  260  274  301  304
      309  311  322  333  343  390  405  408  452  477  486  488  495  505  506
      508  513  517  549  560  561  562  587  604  631  650  651  694  730  733
      740  750  757  776  781  792  805  807  828  848  857  859  860  870  876
      878  884  887  891  903  904  913  921  929  939  946  973  983  992 1018
     1029 1032 1034 1038 1056 1072 1078 1088 1103 1114 1124 1126 1138 1190 1197
     1203 1209 1212 1220 1221 1244 1262 1311 1352 1353 1355 1395 1399 1422 1423
     1439 1452 1460 1461 1465 1511 1528 1556 1559 1560 1605 1624 1650 1690 1699
     1707 1715 1736 1772 1773 1791 1825 1827 1830 1848 1868 1882 1888 1922 1927
     1934 1949 1956 1958 1961 1978 1997 2011 2015 2019 2031 2035 2040 2067 2076
     2094 2118 2121 2163 2171 2198 2203 2229 2232 2251 2327 2329 2331 2359 2368
     2380 2382 2390 2406 2450 2479 2486 2523 2524 2535 2564 2569 2586 2591 2641
     2651 2676 2677 2679 2680 2706 2711 2719 2741 2761 2788 2791 2805 2861 2890
     2922 2927 2931 2946 2958 2971 3003 3015 3045 3085 3105 3107 3147 3173 3214
     3226 3232 3251 3281 3334 3353 3354 3356 3364 3366 3400 3407 3410 3426 3435
     3439 3442 3512 3540 3602 3622 3656 3674 3701 3707 3728 3737 3749 3778 3792
     3803 3818 3827 3866 3867 3887 3894 3895 3934 3939 3977 3983 3991 4006 4013
     4046 4048 4057 4075 4079 4104 4124 4142 4174 4188 4227 4234 4257 4261 4267
     4269 4292 4295 4327 4338 4387 4395 4419 4432 4450 4459 4466 4470 4491 4501
     4512 4513 4523 4540 4549 4558 4559 4587 4588 4608 4625 4634 4756 4757 4773
     4783 4796 4803 4805 4837 4839 4845 4851 4857 4866 4896 4897 4919 4928 5004
     5008 5021 5038 5099 5103 5119 5143 5154 5172 5178 5193 5215 5226 5237 5238
     5239 5243 5263 5276 5314 5322 5326 5375 5379 5380 5388 5444 5446 5466 5501
     5529 5562 5585 5596 5618 5622 5647 5653 5693 5706 5719 5725 5738 5800 5808
     5815 5818 5825 5833 5837 5863 5883 5887 5904 5907 5931 5952 5955 5967 6003
     6016 6020 6037 6038 6063 6072 6122 6124 6125 6145 6146 6177 6185 6204 6211
     6239 6259 6277 6288 6291 6297 6299 6302 6303 6316 6370 6372 6376 6390 6400
     6404 6411 6430 6454 6459 6463 6469 6479 6487 6492 6506 6515 6519 6529 6544
     6555 6575 6581 6601 6609 6619 6630 6634 6649 6654 6656 6699 6700 6743 6744
     6753 6763 6768 6773 6777 6786 6799 6803 6818 6839 6851 6854 6888 6893 6894
     6901 6908 6927 6938 6942 6954 6970 6988 6994 6999 7005 7046 7099 7116 7118
     7132 7159 7175 7181 7228 7233 7246 7285 7299 7312 7318 7337 7338 7372 7382
     7383 7405 7410 7420 7425 7432 7448 7465 7485 7505 7517 7543 7558 7587 7594
     7597 7616 7621 7633 7637 7661 7684 7694 7717 7732 7748 7749 7751 7761 7777
     7787 7788 7825 7826 7829 7835 7870 7871 7906 7928 7935 7959 7969 7971 7979
     7994 8001 8017 8021 8043 8051 8059 8066 8069 8086 8092 8109 8131 8132 8136
     8164 8166 8170 8173 8177 8187 8204 8227 8244 8248 8264 8286 8294 8316 8352
     8386 8461 8491 8529 8549 8587 8597 8598 8650 8660 8670 8671 8673 8683 8708
     8718 8735 8742 8745 8764 8792 8832 8854 8858 8861 8893 8894 8910 8918 8919
     8922 8924 8948 8972 8976 8989 8994 9053 9062 9070 9076 9088 9123 9125 9134
     9150 9170 9211 9223 9231 9240 9246 9266 9307 9355 9371 9387 9415 9422 9437
     9441 9443 9448 9462 9467 9492 9494 9499 9503 9511 9517 9529 9544 9571 9584
     9594 9616 9621 9632 9641 9739 9742 9745 9754 9755 9759 9762 9774 9813 9826
     9868 9871 9872 9888 9902 9903 9911 9914 9960 9962 9971 9984 9990
